
  build_detailed.log:8953:         Compilador do 
Microsoft (R) Visual C# vers├úo 4.14.0-3.25465.8 
(b0a9adbf)
  build_detailed.log:8954:         Copyright (C) 
Microsoft Corporation. Todos os direitos reservados.
> build_detailed.log:8955:   
1:7>C:\Users\acq20\Desktop\Trabalho\Alexandre 
Queiroz Marketing Digital\DIAX\CRM\api-core\src\Diax.
Application\Ai\Services\AiUsageLogService.cs(69,20): 
error CS0266: N├úo ├® poss├¡vel converter 
implicitamente tipo "Diax.Shared.Results.Result" em "
Diax.Shared.Results.Result<Diax.Application.Ai.Dtos.A
iUsageSummaryResponseDto>". Existe uma convers├úo 
expl├¡cita (h├í uma convers├úo ausente?) 
[C:\Users\acq20\Desktop\Trabalho\Alexandre Queiroz 
Marketing Digital\DIAX\CRM\api-core\src\Diax.Applicat
ion\Diax.Application.csproj]
  build_detailed.log:8956:         CompilerServer: 
server - server processed compilation - 
Diax.Application (net8.0)
  build_detailed.log:8957:       Tarefa em 
execu├º├úo pronta "Csc" -- FALHA.
  build_detailed.log:8993:       
"C:\Users\acq20\Desktop\Trabalho\Alexandre Queiroz 
Marketing Digital\DIAX\CRM\api-core\src\Diax.Applicat
ion\Diax.Application.csproj" (destino padr├úo) (1:7) 
->
  build_detailed.log:8994:       (CoreCompile 
destino) -> 
> build_detailed.log:8995:         
C:\Users\acq20\Desktop\Trabalho\Alexandre Queiroz 
Marketing Digital\DIAX\CRM\api-core\src\Diax.Applicat
ion\Ai\Services\AiUsageLogService.cs(69,20): error 
CS0266: N├úo ├® poss├¡vel converter implicitamente 
tipo "Diax.Shared.Results.Result" em "Diax.Shared.Res
ults.Result<Diax.Application.Ai.Dtos.AiUsageSummaryRe
sponseDto>". Existe uma convers├úo expl├¡cita (h├í 
uma convers├úo ausente?) 
[C:\Users\acq20\Desktop\Trabalho\Alexandre Queiroz 
Marketing Digital\DIAX\CRM\api-core\src\Diax.Applicat
ion\Diax.Application.csproj]
  build_detailed.log:8996:
  build_detailed.log:8997:    0 Aviso(s)


