
  run.log:190:build-and-deploy	UNKNOWN STEP	
2026-02-12T14:47:49.1297632Z [36;1mecho "=== 
Verifying published files ==="[0m
  run.log:191:build-and-deploy	UNKNOWN STEP	
2026-02-12T14:47:49.1297987Z 
[36;1mMISSING_DLLS=0[0m
  run.log:192:build-and-deploy	UNKNOWN STEP	
2026-02-12T14:47:49.1298232Z [36;1m[0m
  run.log:193:build-and-deploy	UNKNOWN STEP	
2026-02-12T14:47:49.1298906Z [36;1mfor dll in 
"Diax.Api.dll" "Serilog.dll" 
"Swashbuckle.AspNetCore.Swagger.dll" 
"Swashbuckle.AspNetCore.SwaggerGen.dll" 
"Swashbuckle.AspNetCore.SwaggerUI.dll"; do[0m
  run.log:194:build-and-deploy	UNKNOWN STEP	
2026-02-12T14:47:49.1299671Z [36;1m  if [ ! -f 
"./publish/$dll" ]; then[0m
> run.log:195:build-and-deploy	UNKNOWN STEP	
2026-02-12T14:47:49.1300010Z [36;1m    echo "ERROR: 
$dll not found!" >&2[0m
  run.log:196:build-and-deploy	UNKNOWN STEP	
2026-02-12T14:47:49.1300329Z [36;1m    
MISSING_DLLS=1[0m
  run.log:197:build-and-deploy	UNKNOWN STEP	
2026-02-12T14:47:49.1300605Z [36;1m  else[0m
  run.log:198:build-and-deploy	UNKNOWN STEP	
2026-02-12T14:47:49.1300877Z [36;1m    echo "Ô£ô 
$dll found"[0m
  run.log:199:build-and-deploy	UNKNOWN STEP	
2026-02-12T14:47:49.1301153Z [36;1m  fi[0m
  run.log:200:build-and-deploy	UNKNOWN STEP	
2026-02-12T14:47:49.1301378Z [36;1mdone[0m
  run.log:221:build-and-deploy	UNKNOWN STEP	
2026-02-12T14:47:56.6751694Z ##[warning]/home/runner/
work/diax-crm/diax-crm/api-core/src/Diax.Domain/AI/Gr
oupAiModelAccess.cs(14,12): warning CS8618: 
Non-nullable property 'Group' must contain a 
non-null value when exiting constructor. Consider 
adding the 'required' modifier or declaring the 
property as nullable. [/home/runner/work/diax-crm/dia
x-crm/api-core/src/Diax.Domain/Diax.Domain.csproj]
  run.log:222:build-and-deploy	UNKNOWN STEP	
2026-02-12T14:47:56.6759009Z ##[warning]/home/runner/
work/diax-crm/diax-crm/api-core/src/Diax.Domain/AI/Gr
oupAiModelAccess.cs(14,12): warning CS8618: 
Non-nullable property 'Model' must contain a 
non-null value when exiting constructor. Consider 
adding the 'required' modifier or declaring the 
property as nullable. [/home/runner/work/diax-crm/dia
x-crm/api-core/src/Diax.Domain/Diax.Domain.csproj]
  run.log:223:build-and-deploy	UNKNOWN STEP	
2026-02-12T14:47:56.6765755Z ##[warning]/home/runner/
work/diax-crm/diax-crm/api-core/src/Diax.Domain/AI/Gr
oupAiProviderAccess.cs(14,12): warning CS8618: 
Non-nullable property 'Group' must contain a 
non-null value when exiting constructor. Consider 
adding the 'required' modifier or declaring the 
property as nullable. [/home/runner/work/diax-crm/dia
x-crm/api-core/src/Diax.Domain/Diax.Domain.csproj]
  run.log:224:build-and-deploy	UNKNOWN STEP	
2026-02-12T14:47:56.6772396Z ##[warning]/home/runner/
work/diax-crm/diax-crm/api-core/src/Diax.Domain/AI/Gr
oupAiProviderAccess.cs(14,12): warning CS8618: 
Non-nullable property 'Provider' must contain a 
non-null value when exiting constructor. Consider 
adding the 'required' modifier or declaring the 
property as nullable. [/home/runner/work/diax-crm/dia
x-crm/api-core/src/Diax.Domain/Diax.Domain.csproj]
  run.log:225:build-and-deploy	UNKNOWN STEP	
2026-02-12T14:47:56.7011327Z   Diax.Domain -> /home/r
unner/work/diax-crm/diax-crm/api-core/src/Diax.Domain
/bin/Release/net8.0/Diax.Domain.dll
> run.log:226:build-and-deploy	UNKNOWN STEP	
2026-02-12T14:47:57.0676531Z ##[error]/home/runner/wo
rk/diax-crm/diax-crm/api-core/src/Diax.Application/Ai
/HumanizeText/HumanizeTextService.cs(25,22): error 
CS0246: The type or namespace name 
'ICurrentUserService' could not be found (are you 
missing a using directive or an assembly reference?) 
[/home/runner/work/diax-crm/diax-crm/api-core/src/Dia
x.Application/Diax.Application.csproj]
> run.log:227:build-and-deploy	UNKNOWN STEP	
2026-02-12T14:47:57.0684765Z ##[error]/home/runner/wo
rk/diax-crm/diax-crm/api-core/src/Diax.Application/Ai
/HumanizeText/HumanizeTextService.cs(36,9): error 
CS0246: The type or namespace name 
'ICurrentUserService' could not be found (are you 
missing a using directive or an assembly reference?) 
[/home/runner/work/diax-crm/diax-crm/api-core/src/Dia
x.Application/Diax.Application.csproj]
> run.log:228:build-and-deploy	UNKNOWN STEP	
2026-02-12T14:47:57.1177236Z ##[error]Process 
completed with exit code 1.
  run.log:229:build-and-deploy	UNKNOWN STEP	
2026-02-12T14:47:57.1300089Z Post job cleanup.
  run.log:230:build-and-deploy	UNKNOWN STEP	
2026-02-12T14:47:57.2325654Z [command]/usr/bin/git 
version
  run.log:231:build-and-deploy	UNKNOWN STEP	
2026-02-12T14:47:57.2377157Z git version 2.52.0
  run.log:232:build-and-deploy	UNKNOWN STEP	
2026-02-12T14:47:57.2445905Z Temporarily overriding H
OME='/home/runner/work/_temp/fba02971-af2a-461e-89be-
39a17fe76376' before making global git config changes
  run.log:233:build-and-deploy	UNKNOWN STEP	
2026-02-12T14:47:57.2448296Z Adding repository 
directory to the temporary git global config as a 
safe directory


