  Determinando os projetos a serem restaurados...
c:\Users\acq20\Desktop\Trabalho\Alexandre Queiroz Marketing Digital\DIAX\CRM\api-core\src\Diax.Application\Diax.Application.csproj : warning NU1902: O pacote 'HtmlSanitizer' 8.1.870 tem uma moderado vulnerabilidade de gravidade conhecida, https://github.com/advisories/GHSA-j92c-7v7g-gj3f [c:\Users\acq20\Desktop\Trabalho\Alexandre Queiroz Marketing Digital\DIAX\CRM\api-core\tests\Diax.UnitTests\Diax.UnitTests.csproj]
  Todos os projetos est├úo atualizados para restaura├º├úo.
c:\Users\acq20\Desktop\Trabalho\Alexandre Queiroz Marketing Digital\DIAX\CRM\api-core\src\Diax.Application\Diax.Application.csproj : warning NU1902: O pacote 'HtmlSanitizer' 8.1.870 tem uma moderado vulnerabilidade de gravidade conhecida, https://github.com/advisories/GHSA-j92c-7v7g-gj3f
  Diax.Shared -> c:\Users\acq20\Desktop\Trabalho\Alexandre Queiroz Marketing Digital\DIAX\CRM\api-core\src\Diax.Shared\bin\Debug\net8.0\Diax.Shared.dll
  Diax.Domain -> c:\Users\acq20\Desktop\Trabalho\Alexandre Queiroz Marketing Digital\DIAX\CRM\api-core\src\Diax.Domain\bin\Debug\net8.0\Diax.Domain.dll
  Diax.Application -> c:\Users\acq20\Desktop\Trabalho\Alexandre Queiroz Marketing Digital\DIAX\CRM\api-core\src\Diax.Application\bin\Debug\net8.0\Diax.Application.dll
  Diax.UnitTests -> c:\Users\acq20\Desktop\Trabalho\Alexandre Queiroz Marketing Digital\DIAX\CRM\api-core\tests\Diax.UnitTests\bin\Debug\net8.0\Diax.UnitTests.dll
Execu├º├úo de teste para c:\Users\acq20\Desktop\Trabalho\Alexandre Queiroz Marketing Digital\DIAX\CRM\api-core\tests\Diax.UnitTests\bin\Debug\net8.0\Diax.UnitTests.dll (.NETCoreApp,Version=v8.0)
Vers├úo do VSTest 17.14.1 (x64)

Iniciando execu├º├úo de teste, espere...
1 arquivos de teste no total corresponderam ao padr├úo especificado.
  Com falha Diax.UnitTests.Customers.LeadSanitizationServiceTests.SanitizeAndClassify_WithBrokenEncoding_ShouldFixEncodingAndTitleCase [122 ms]
  Mensagem de erro:
   Expected result.Name to be "Jo├úo Da Silva" with a length of 13, but "Jo├ú├úo Da Silva" has a length of 14, differs near "├úo " (index 3).
  Rastreamento de pilha:
     at FluentAssertions.Execution.XUnit2TestFramework.Throw(String message)
   at FluentAssertions.Execution.TestFrameworkProvider.Throw(String message)
   at FluentAssertions.Execution.DefaultAssertionStrategy.HandleFailure(String message)
   at FluentAssertions.Execution.AssertionScope.FailWith(Func`1 failReasonFunc)
   at FluentAssertions.Execution.AssertionScope.FailWith(Func`1 failReasonFunc)
   at FluentAssertions.Primitives.StringEqualityValidator.ValidateAgainstLengthDifferences()
   at FluentAssertions.Primitives.StringValidator.Validate()
   at FluentAssertions.Primitives.StringAssertions`1.Be(String expected, String because, Object[] becauseArgs)
   at Diax.UnitTests.Customers.LeadSanitizationServiceTests.SanitizeAndClassify_WithBrokenEncoding_ShouldFixEncodingAndTitleCase() in c:\Users\acq20\Desktop\Trabalho\Alexandre Queiroz Marketing Digital\DIAX\CRM\api-core\tests\Diax.UnitTests\Customers\LeadSanitizationServiceTests.cs:line 27
   at System.RuntimeMethodHandle.InvokeMethod(Object target, Void** arguments, Signature sig, Boolean isConstructor)
   at System.Reflection.MethodBaseInvoker.InvokeWithNoArgs(Object obj, BindingFlags invokeAttr)
  Com falha Diax.UnitTests.Customers.LeadSanitizationServiceTests.SanitizeAndClassify_WithMojibakeWords_ShouldDecodeWithoutDictionary(input: "EscritRio de Advocacia", expected: "Escrit├│rio De Advocacia") [1 ms]
  Mensagem de erro:
   Expected result.Name to be "Escrit├│rio De Advocacia" with a length of 23, but "Escrit├│ri├úo De Advocacia" has a length of 24, differs near "├úo " (index 9).
  Rastreamento de pilha:
     at FluentAssertions.Execution.XUnit2TestFramework.Throw(String message)
   at FluentAssertions.Execution.TestFrameworkProvider.Throw(String message)
   at FluentAssertions.Execution.DefaultAssertionStrategy.HandleFailure(String message)
   at FluentAssertions.Execution.AssertionScope.FailWith(Func`1 failReasonFunc)
   at FluentAssertions.Execution.AssertionScope.FailWith(Func`1 failReasonFunc)
   at FluentAssertions.Primitives.StringEqualityValidator.ValidateAgainstLengthDifferences()
   at FluentAssertions.Primitives.StringValidator.Validate()
   at FluentAssertions.Primitives.StringAssertions`1.Be(String expected, String because, Object[] becauseArgs)
   at Diax.UnitTests.Customers.LeadSanitizationServiceTests.SanitizeAndClassify_WithMojibakeWords_ShouldDecodeWithoutDictionary(String input, String expected) in c:\Users\acq20\Desktop\Trabalho\Alexandre Queiroz Marketing Digital\DIAX\CRM\api-core\tests\Diax.UnitTests\Customers\LeadSanitizationServiceTests.cs:line 41
   at System.RuntimeMethodHandle.InvokeMethod(Object target, Void** arguments, Signature sig, Boolean isConstructor)
   at System.Reflection.MethodBaseInvoker.InvokeDirectByRefWithFewArgs(Object obj, Span`1 copyOfArgs, BindingFlags invokeAttr)
  Com falha Diax.UnitTests.Customers.LeadSanitizationServiceTests.SanitizeAndClassify_WithMojibakeWords_ShouldDecodeWithoutDictionary(input: "AcessRios de VerO", expected: "Acess├│rios De Ver├úo") [1 ms]
  Mensagem de erro:
   Expected result.Name to be "Acess├│rios De Ver├úo" with a length of 19, but "Acess├│rios De Ver├ú├úo" has a length of 20, differs near "├úo" (index 18).
  Rastreamento de pilha:
     at FluentAssertions.Execution.XUnit2TestFramework.Throw(String message)
   at FluentAssertions.Execution.TestFrameworkProvider.Throw(String message)
   at FluentAssertions.Execution.DefaultAssertionStrategy.HandleFailure(String message)
   at FluentAssertions.Execution.AssertionScope.FailWith(Func`1 failReasonFunc)
   at FluentAssertions.Execution.AssertionScope.FailWith(Func`1 failReasonFunc)
   at FluentAssertions.Primitives.StringEqualityValidator.ValidateAgainstLengthDifferences()
   at FluentAssertions.Primitives.StringValidator.Validate()
   at FluentAssertions.Primitives.StringAssertions`1.Be(String expected, String because, Object[] becauseArgs)
   at Diax.UnitTests.Customers.LeadSanitizationServiceTests.SanitizeAndClassify_WithMojibakeWords_ShouldDecodeWithoutDictionary(String input, String expected) in c:\Users\acq20\Desktop\Trabalho\Alexandre Queiroz Marketing Digital\DIAX\CRM\api-core\tests\Diax.UnitTests\Customers\LeadSanitizationServiceTests.cs:line 41
   at InvokeStub_LeadSanitizationServiceTests.SanitizeAndClassify_WithMojibakeWords_ShouldDecodeWithoutDictionary(Object, Span`1)
   at System.Reflection.MethodBaseInvoker.InvokeWithFewArgs(Object obj, BindingFlags invokeAttr, Binder binder, Object[] parameters, CultureInfo culture)
  Com falha Diax.UnitTests.Customers.LeadSanitizationServiceTests.SanitizeAndClassify_WithDirectoryOrGenericCompany_ShouldReject(companyName: "GuiaMais") [3 ms]
  Mensagem de erro:
   Expected result.ShouldReject to be true, but found False.
  Rastreamento de pilha:
     at FluentAssertions.Execution.XUnit2TestFramework.Throw(String message)
   at FluentAssertions.Execution.TestFrameworkProvider.Throw(String message)
   at FluentAssertions.Execution.DefaultAssertionStrategy.HandleFailure(String message)
   at FluentAssertions.Execution.AssertionScope.FailWith(Func`1 failReasonFunc)
   at FluentAssertions.Execution.AssertionScope.FailWith(Func`1 failReasonFunc)
   at FluentAssertions.Execution.AssertionScope.FailWith(String message, Object[] args)
   at FluentAssertions.Primitives.BooleanAssertions`1.BeTrue(String because, Object[] becauseArgs)
   at Diax.UnitTests.Customers.LeadSanitizationServiceTests.SanitizeAndClassify_WithDirectoryOrGenericCompany_ShouldReject(String companyName) in c:\Users\acq20\Desktop\Trabalho\Alexandre Queiroz Marketing Digital\DIAX\CRM\api-core\tests\Diax.UnitTests\Customers\LeadSanitizationServiceTests.cs:line 113
   at InvokeStub_LeadSanitizationServiceTests.SanitizeAndClassify_WithDirectoryOrGenericCompany_ShouldReject(Object, Span`1)
   at System.Reflection.MethodBaseInvoker.InvokeWithOneArg(Object obj, BindingFlags invokeAttr, Binder binder, Object[] parameters, CultureInfo culture)

Com falha! ÔÇô Com falha:     4, Aprovado:    18, Ignorado:     0, Total:    22, Dura├º├úo: 166 ms - Diax.UnitTests.dll (net8.0)

As atualiza├º├Áes de carga de trabalho est├úo dispon├¡veis. Execute `dotnet workload list` para obter mais informa├º├Áes.
